// Jest Snapshot v1, https://goo.gl/fbAQLP

exports[`Utils unit tests createResponseUpdateActions should return expected update actions based on the controlleraction 1`] = `
Object {
  "action": "setCustomField",
  "name": "createCustomRefundResponse",
  "value": "{\\"id\\":\\"re_7897892\\",\\"orderId\\":\\"ord_1234\\"}",
}
`;

exports[`Utils unit tests createResponseUpdateActions should return expected update actions based on the controlleraction 2`] = `
Object {
  "action": "addInterfaceInteraction",
  "fields": Object {
    "actionType": "createCustomRefund",
    "createdAt": "2021-11-10T14:02:45.858Z",
    "request": "{\\"interactionId\\": \\"tr_wfW2KPHKrb\\", \\"amount\\": { \\"currencyCode\\": \\"EUR\\", \\"centAmount\\": 1800 }}",
    "response": "{\\"id\\":\\"re_7897892\\",\\"orderId\\":\\"ord_1234\\"}",
  },
  "type": Object {
    "key": "ct-mollie-integration-interface-interaction-type",
  },
}
`;
