// Jest Snapshot v1, https://goo.gl/fbAQLP

exports[`getPaymentMethods unit tests Should return NO_PAYMENT_METHODS when methods returned are empty 1`] = `
Object {
  "action": "addInterfaceInteraction",
  "fields": Object {
    "actionType": "getPaymentMethods",
    "createdAt": "2021-10-08T12:12:02.625Z",
    "request": "{\\"locale\\":\\"en_US\\",\\"resource\\":\\"orders\\",\\"billingCountry\\":\\"NL\\",\\"includeWallets\\":\\"applepay\\",\\"orderLineCategories\\":\\"eco,meal\\"}",
    "response": "{\\"count\\":0,\\"methods\\":\\"NO_AVAILABLE_PAYMENT_METHODS\\"}",
  },
  "type": Object {
    "key": "ct-mollie-integration-interface-interaction-type",
  },
}
`;

exports[`getPaymentMethods unit tests Should return NO_PAYMENT_METHODS when methods returned are empty 2`] = `
Object {
  "action": "setCustomField",
  "name": "paymentMethodsResponse",
  "value": "{\\"count\\":0,\\"methods\\":\\"NO_AVAILABLE_PAYMENT_METHODS\\"}",
}
`;

exports[`getPaymentMethods unit tests Should return status and one update action for commercetools 1`] = `
Object {
  "action": "setCustomField",
  "name": "paymentMethodsResponse",
  "value": "{\\"count\\":2,\\"methods\\":[{\\"resource\\":\\"method\\",\\"id\\":\\"ideal\\",\\"description\\":\\"iDEAL\\",\\"minimumAmount\\":{\\"value\\":\\"0.01\\",\\"currency\\":\\"EUR\\"},\\"maximumAmount\\":{\\"value\\":\\"50000.00\\",\\"currency\\":\\"EUR\\"},\\"image\\":{\\"size1x\\":\\"https://www.mollie.com/external/icons/payment-methods/ideal.png\\",\\"size2x\\":\\"https://www.mollie.com/external/icons/payment-methods/ideal%402x.png\\",\\"svg\\":\\"https://www.mollie.com/external/icons/payment-methods/ideal.svg\\"}},{\\"resource\\":\\"method\\",\\"id\\":\\"paypal\\",\\"description\\":\\"PayPal\\",\\"minimumAmount\\":{\\"value\\":\\"0.01\\",\\"currency\\":\\"EUR\\"},\\"maximumAmount\\":null,\\"image\\":{\\"size1x\\":\\"https://www.mollie.com/external/icons/payment-methods/paypal.png\\",\\"size2x\\":\\"https://www.mollie.com/external/icons/payment-methods/paypal%402x.png\\",\\"svg\\":\\"https://www.mollie.com/external/icons/payment-methods/paypal.svg\\"}}]}",
}
`;

exports[`getPaymentMethods unit tests Should return status and two update actions for commercetools 1`] = `
Object {
  "action": "addInterfaceInteraction",
  "fields": Object {
    "actionType": "getPaymentMethods",
    "createdAt": "2021-10-08T12:12:02.625Z",
    "request": "{\\"locale\\":\\"en_US\\",\\"resource\\":\\"orders\\",\\"billingCountry\\":\\"NL\\",\\"includeWallets\\":\\"applepay\\",\\"orderLineCategories\\":\\"eco,meal\\"}",
    "response": "{\\"count\\":2,\\"methods\\":[{\\"resource\\":\\"method\\",\\"id\\":\\"ideal\\",\\"description\\":\\"iDEAL\\",\\"minimumAmount\\":{\\"value\\":\\"0.01\\",\\"currency\\":\\"EUR\\"},\\"maximumAmount\\":{\\"value\\":\\"50000.00\\",\\"currency\\":\\"EUR\\"},\\"image\\":{\\"size1x\\":\\"https://www.mollie.com/external/icons/payment-methods/ideal.png\\",\\"size2x\\":\\"https://www.mollie.com/external/icons/payment-methods/ideal%402x.png\\",\\"svg\\":\\"https://www.mollie.com/external/icons/payment-methods/ideal.svg\\"}},{\\"resource\\":\\"method\\",\\"id\\":\\"paypal\\",\\"description\\":\\"PayPal\\",\\"minimumAmount\\":{\\"value\\":\\"0.01\\",\\"currency\\":\\"EUR\\"},\\"maximumAmount\\":null,\\"image\\":{\\"size1x\\":\\"https://www.mollie.com/external/icons/payment-methods/paypal.png\\",\\"size2x\\":\\"https://www.mollie.com/external/icons/payment-methods/paypal%402x.png\\",\\"svg\\":\\"https://www.mollie.com/external/icons/payment-methods/paypal.svg\\"}}]}",
  },
  "type": Object {
    "key": "ct-mollie-integration-interface-interaction-type",
  },
}
`;

exports[`getPaymentMethods unit tests Should return status and two update actions for commercetools 2`] = `
Object {
  "action": "setCustomField",
  "name": "paymentMethodsResponse",
  "value": "{\\"count\\":2,\\"methods\\":[{\\"resource\\":\\"method\\",\\"id\\":\\"ideal\\",\\"description\\":\\"iDEAL\\",\\"minimumAmount\\":{\\"value\\":\\"0.01\\",\\"currency\\":\\"EUR\\"},\\"maximumAmount\\":{\\"value\\":\\"50000.00\\",\\"currency\\":\\"EUR\\"},\\"image\\":{\\"size1x\\":\\"https://www.mollie.com/external/icons/payment-methods/ideal.png\\",\\"size2x\\":\\"https://www.mollie.com/external/icons/payment-methods/ideal%402x.png\\",\\"svg\\":\\"https://www.mollie.com/external/icons/payment-methods/ideal.svg\\"}},{\\"resource\\":\\"method\\",\\"id\\":\\"paypal\\",\\"description\\":\\"PayPal\\",\\"minimumAmount\\":{\\"value\\":\\"0.01\\",\\"currency\\":\\"EUR\\"},\\"maximumAmount\\":null,\\"image\\":{\\"size1x\\":\\"https://www.mollie.com/external/icons/payment-methods/paypal.png\\",\\"size2x\\":\\"https://www.mollie.com/external/icons/payment-methods/paypal%402x.png\\",\\"svg\\":\\"https://www.mollie.com/external/icons/payment-methods/paypal.svg\\"}}]}",
}
`;
