// Jest Snapshot v1, https://goo.gl/fbAQLP

exports[`createOrderPayment Should return commercetools formated error if one of the functions fails 1`] = `
Object {
  "errors": Array [
    Object {
      "code": "ObjectNotFound",
      "extensionExtraInfo": Object {
        "originalStatusCode": 404,
        "title": "Not found",
      },
      "message": "No order exists with token ord_3uwvfd",
    },
  ],
  "status": 400,
}
`;
